.next/dev/types/validator.ts(459,31): error TS2344: Type 'typeof import("C:/Users/danie/Escritorio/Proyectos/cms-nova-template/src/app/api/content-types/[slug]/entries/[id]/route")' does not satisfy the constraint 'RouteHandlerConfig<"/api/content-types/[slug]/entries/[id]">'.
  Types of property 'GET' are incompatible.
    Type '(_request: NextRequest, { params }: { params: { slug: string; id: string; }; }) => Promise<NextResponse<{ error: string; }> | NextResponse<{ contentType: { id: string; description: string | null; name: string; createdAt: Date; updatedAt: Date; apiIdentifier: string; }; ... 5 more ...; contentTypeId: string; }>>' is not assignable to type '(request: NextRequest, context: { params: Promise<{ slug: string; id: string; }>; }) => void | Response | Promise<void | Response>'.
      Types of parameters '__1' and 'context' are incompatible.
        Type '{ params: Promise<{ slug: string; id: string; }>; }' is not assignable to type '{ params: { slug: string; id: string; }; }'.
          Types of property 'params' are incompatible.
            Type 'Promise<{ slug: string; id: string; }>' is missing the following properties from type '{ slug: string; id: string; }': slug, id
.next/dev/types/validator.ts(468,31): error TS2344: Type 'typeof import("C:/Users/danie/Escritorio/Proyectos/cms-nova-template/src/app/api/content-types/[slug]/entries/route")' does not satisfy the constraint 'RouteHandlerConfig<"/api/content-types/[slug]/entries">'.
  Types of property 'GET' are incompatible.
    Type '(_request: NextRequest, { params }: { params: { slug: string; }; }) => Promise<NextResponse<{ error: string; }> | NextResponse<{ data: JsonValue; id: string; status: string; createdAt: Date; updatedAt: Date; contentTypeId: string; }[]>>' is not assignable to type '(request: NextRequest, context: { params: Promise<{ slug: string; }>; }) => void | Response | Promise<void | Response>'.
      Types of parameters '__1' and 'context' are incompatible.
        Type '{ params: Promise<{ slug: string; }>; }' is not assignable to type '{ params: { slug: string; }; }'.
          Types of property 'params' are incompatible.
            Property 'slug' is missing in type 'Promise<{ slug: string; }>' but required in type '{ slug: string; }'.
.next/dev/types/validator.ts(621,31): error TS2344: Type 'typeof import("C:/Users/danie/Escritorio/Proyectos/cms-nova-template/src/app/api/templates/tourism/[id]/route")' does not satisfy the constraint 'RouteHandlerConfig<"/api/templates/tourism/[id]">'.
  Types of property 'GET' are incompatible.
    Type '(_request: NextRequest, { params }: { params: { id: string; }; }) => Promise<NextResponse<{ id: string; title: string; slug: string; description: string; duration: string; price: number; category: string; ... 5 more ...; updatedAt: string; }> | NextResponse<...>>' is not assignable to type '(request: NextRequest, context: { params: Promise<{ id: string; }>; }) => void | Response | Promise<void | Response>'.
      Types of parameters '__1' and 'context' are incompatible.
        Type '{ params: Promise<{ id: string; }>; }' is not assignable to type '{ params: { id: string; }; }'.
          Types of property 'params' are incompatible.
            Property 'id' is missing in type 'Promise<{ id: string; }>' but required in type '{ id: string; }'.
.next/types/validator.ts(459,31): error TS2344: Type 'typeof import("C:/Users/danie/Escritorio/Proyectos/cms-nova-template/src/app/api/content-types/[slug]/entries/[id]/route")' does not satisfy the constraint 'RouteHandlerConfig<"/api/content-types/[slug]/entries/[id]">'.
  Types of property 'GET' are incompatible.
    Type '(_request: NextRequest, { params }: { params: { slug: string; id: string; }; }) => Promise<NextResponse<{ error: string; }> | NextResponse<{ contentType: { id: string; description: string | null; name: string; createdAt: Date; updatedAt: Date; apiIdentifier: string; }; ... 5 more ...; contentTypeId: string; }>>' is not assignable to type '(request: NextRequest, context: { params: Promise<{ slug: string; id: string; }>; }) => void | Response | Promise<void | Response>'.
      Types of parameters '__1' and 'context' are incompatible.
        Type '{ params: Promise<{ slug: string; id: string; }>; }' is not assignable to type '{ params: { slug: string; id: string; }; }'.
          Types of property 'params' are incompatible.
            Type 'Promise<{ slug: string; id: string; }>' is missing the following properties from type '{ slug: string; id: string; }': slug, id
.next/types/validator.ts(468,31): error TS2344: Type 'typeof import("C:/Users/danie/Escritorio/Proyectos/cms-nova-template/src/app/api/content-types/[slug]/entries/route")' does not satisfy the constraint 'RouteHandlerConfig<"/api/content-types/[slug]/entries">'.
  Types of property 'GET' are incompatible.
    Type '(_request: NextRequest, { params }: { params: { slug: string; }; }) => Promise<NextResponse<{ error: string; }> | NextResponse<{ data: JsonValue; id: string; status: string; createdAt: Date; updatedAt: Date; contentTypeId: string; }[]>>' is not assignable to type '(request: NextRequest, context: { params: Promise<{ slug: string; }>; }) => void | Response | Promise<void | Response>'.
      Types of parameters '__1' and 'context' are incompatible.
        Type '{ params: Promise<{ slug: string; }>; }' is not assignable to type '{ params: { slug: string; }; }'.
          Types of property 'params' are incompatible.
            Property 'slug' is missing in type 'Promise<{ slug: string; }>' but required in type '{ slug: string; }'.
.next/types/validator.ts(621,31): error TS2344: Type 'typeof import("C:/Users/danie/Escritorio/Proyectos/cms-nova-template/src/app/api/templates/tourism/[id]/route")' does not satisfy the constraint 'RouteHandlerConfig<"/api/templates/tourism/[id]">'.
  Types of property 'GET' are incompatible.
    Type '(_request: NextRequest, { params }: { params: { id: string; }; }) => Promise<NextResponse<{ id: string; title: string; slug: string; description: string; duration: string; price: number; category: string; ... 5 more ...; updatedAt: string; }> | NextResponse<...>>' is not assignable to type '(request: NextRequest, context: { params: Promise<{ id: string; }>; }) => void | Response | Promise<void | Response>'.
      Types of parameters '__1' and 'context' are incompatible.
        Type '{ params: Promise<{ id: string; }>; }' is not assignable to type '{ params: { id: string; }; }'.
          Types of property 'params' are incompatible.
            Property 'id' is missing in type 'Promise<{ id: string; }>' but required in type '{ id: string; }'.
src/app/admin/dashboard/content-types/[slug]/edit/page.tsx(40,28): error TS2322: Type '{ createdAt: string; updatedAt: string; fields: { id: string; type: $Enums.FieldType; apiIdentifier: string; label: string; isRequired: boolean; contentTypeId: string; }[]; name: string; id: string; description: string | null; apiIdentifier: string; }' is not assignable to type 'Partial<{ name: string; apiIdentifier: string; fields: { id: string; label: string; apiIdentifier: string; type: "TEXT" | "RICH_TEXT" | "NUMBER" | "BOOLEAN" | "DATE" | "MEDIA"; isRequired: boolean; }[]; description?: string | undefined; }>'.
  Types of property 'description' are incompatible.
    Type 'string | null' is not assignable to type 'string | undefined'.
      Type 'null' is not assignable to type 'string | undefined'.
src/app/admin/dashboard/plans/create/page.tsx(1,8): error TS2613: Module '"C:/Users/danie/Escritorio/Proyectos/cms-nova-template/src/components/templates/TouristPlan/CreatePlanForm"' has no default export. Did you mean to use 'import { CreatePlanForm } from "C:/Users/danie/Escritorio/Proyectos/cms-nova-template/src/components/templates/TouristPlan/CreatePlanForm"' instead?
src/app/admin/dashboard/view-content/page.tsx(53,9): error TS2322: Type '({ _count: { entries: number; }; } & { name: string; id: string; createdAt: Date; updatedAt: Date; description: string | null; apiIdentifier: string; })[]' is not assignable to type 'ContentType[]'.
  Property 'entries' is missing in type '{ _count: { entries: number; }; } & { name: string; id: string; createdAt: Date; updatedAt: Date; description: string | null; apiIdentifier: string; }' but required in type 'ContentType'.
src/app/api/admin/create-user/route.ts(107,23): error TS2339: Property 'delete' does not exist on type 'Promise<ReadonlyRequestCookies>'.
src/app/api/admin/create-user/route.ts(159,26): error TS2339: Property 'errors' does not exist on type 'ZodError<unknown>'.
src/app/api/admin/create-user/route.ts(159,38): error TS7006: Parameter 'e' implicitly has an 'any' type.
src/app/api/admin/delete-user/route.ts(107,26): error TS2339: Property 'errors' does not exist on type 'ZodError<unknown>'.
src/app/api/admin/delete-user/route.ts(107,38): error TS7006: Parameter 'e' implicitly has an 'any' type.
src/app/api/admin/fix-password-format/route.ts(31,22): error TS2339: Property 'errors' does not exist on type 'ZodError<{ email: string; newPassword: string; }>'.
src/app/api/admin/fix-password-format/route.ts(31,34): error TS7006: Parameter 'e' implicitly has an 'any' type.
src/app/api/content-entries/route.ts(28,22): error TS2339: Property 'errors' does not exist on type 'ZodError<{ contentTypeId: string; data: any; }>'.
src/app/api/content-entries/route.ts(28,34): error TS7006: Parameter 'e' implicitly has an 'any' type.
src/app/api/content-types/[slug]/entries/[id]/route.ts(16,22): error TS2353: Object literal may only specify known properties, and 'order' does not exist in type 'FieldOrderByWithRelationInput | FieldOrderByWithRelationInput[]'.
src/app/api/content-types/[slug]/entries/[id]/route.ts(32,9): error TS2353: Object literal may only specify known properties, and 'author' does not exist in type 'ContentEntryInclude<DefaultArgs>'.
src/app/api/content-types/[slug]/entries/route.ts(22,9): error TS2353: Object literal may only specify known properties, and 'author' does not exist in type 'ContentEntryInclude<DefaultArgs>'.
src/app/api/content-types/[slug]/entries/route.ts(83,9): error TS2353: Object literal may only specify known properties, and 'slug' does not exist in type 'ContentEntryWhereInput'.
src/app/api/content-types/[slug]/entries/route.ts(95,9): error TS2353: Object literal may only specify known properties, and 'title' does not exist in type 'Without<ContentEntryCreateInput, ContentEntryUncheckedCreateInput> & ContentEntryUncheckedCreateInput'.
src/app/api/content-types/[slug]/entries/route.ts(103,9): error TS2353: Object literal may only specify known properties, and 'author' does not exist in type 'ContentEntryInclude<DefaultArgs>'.
src/app/api/destinations/route.ts(38,22): error TS2339: Property 'errors' does not exist on type 'ZodError<{ name: string; }>'.
src/app/api/destinations/route.ts(38,34): error TS7006: Parameter 'e' implicitly has an 'any' type.
src/app/api/media/cleanup/route.ts(58,35): error TS2339: Property 'errors' does not exist on type 'ZodError<{ folder: string; dryRun: boolean; max: number; }>'.
src/app/api/media/cleanup/route.ts(58,47): error TS7006: Parameter 'e' implicitly has an 'any' type.
src/app/api/media/register/route.ts(68,22): error TS2339: Property 'errors' does not exist on type 'ZodError<{ key: string; url: string; mimeType: string; size: number; folder: string; title?: string | null | undefined; alt?: string | null | undefined; width?: number | null | undefined; height?: number | null | undefined; previousKey?: string | ... 1 more ... | undefined; }>'.
src/app/api/media/register/route.ts(68,34): error TS7006: Parameter 'e' implicitly has an 'any' type.
src/app/api/media/replace/route.ts(69,22): error TS2339: Property 'errors' does not exist on type 'ZodError<{ key: string; url: string; mimeType: string; size: number; folder: string; previousKey: string; title?: string | null | undefined; alt?: string | null | undefined; width?: number | null | undefined; height?: number | ... 1 more ... | undefined; }>'.
src/app/api/media/replace/route.ts(69,34): error TS7006: Parameter 'e' implicitly has an 'any' type.
src/app/api/plans/[id]/route.ts(72,22): error TS2339: Property 'errors' does not exist on type 'ZodError<{ published?: boolean | undefined; }>'.
src/app/api/plans/[id]/route.ts(72,34): error TS7006: Parameter 'err' implicitly has an 'any' type.
src/app/api/plans/route.ts(58,22): error TS2339: Property 'errors' does not exist on type 'ZodError<{ [x: string]: unknown; mainTitle: string; articleAlias?: string | undefined; promotionalText?: string | undefined; published?: boolean | undefined; }>'.
src/app/api/plans/route.ts(58,34): error TS7006: Parameter 'e' implicitly has an 'any' type.
src/app/api/plans/route.ts(66,48): error TS2322: Type '{ [x: string]: unknown; mainTitle: string; articleAlias?: string | undefined; promotionalText?: string | undefined; published?: boolean | undefined; }' is not assignable to type '(Without<PlanCreateInput, PlanUncheckedCreateInput> & PlanUncheckedCreateInput) | (Without<...> & PlanCreateInput)'.
  Type '{ [x: string]: unknown; mainTitle: string; articleAlias?: string | undefined; promotionalText?: string | undefined; published?: boolean | undefined; }' is not assignable to type 'Without<PlanUncheckedCreateInput, PlanCreateInput> & PlanCreateInput'.
    Type '{ [x: string]: unknown; mainTitle: string; articleAlias?: string | undefined; promotionalText?: string | undefined; published?: boolean | undefined; }' is missing the following properties from type 'PlanCreateInput': categoryAlias, attractionsTitle, attractionsText, transfersTitle, and 5 more.
src/app/api/plugins/s3/route.ts(77,22): error TS2339: Property 'errors' does not exist on type 'ZodError<{ bucket: string; region: string; accessKeyId: string; secretAccessKey?: string | undefined; }>'.
src/app/api/plugins/s3/route.ts(77,34): error TS7006: Parameter 'e' implicitly has an 'any' type.
src/app/api/upload/presign/route.ts(60,22): error TS2339: Property 'errors' does not exist on type 'ZodError<{ fileName: string; contentType: string; folder: string; size: number; }>'.
src/app/api/upload/presign/route.ts(60,34): error TS7006: Parameter 'e' implicitly has an 'any' type.
src/app/api/upload/route.ts(155,22): error TS2339: Property 'errors' does not exist on type 'ZodError<{ key: string; }>'.
src/app/api/upload/route.ts(155,34): error TS7006: Parameter 'e' implicitly has an 'any' type.
src/app/page.tsx(7,23): error TS18048: 'features' is possibly 'undefined'.
src/app/page.tsx(8,27): error TS18048: 'features' is possibly 'undefined'.
src/app/planes/[categoria]/[slug]/page.tsx(262,20): error TS2578: Unused '@ts-expect-error' directive.
src/components/admin/content-types/ContentTypesManager/ContentTypeForm.tsx(57,5): error TS2322: Type 'Resolver<{ name: string; apiIdentifier: string; fields: { id: string; label: string; apiIdentifier: string; type: "TEXT" | "RICH_TEXT" | "NUMBER" | "BOOLEAN" | "DATE" | "MEDIA"; isRequired?: boolean | undefined; }[]; description?: string | undefined; }, any, { ...; }>' is not assignable to type 'Resolver<{ name: string; apiIdentifier: string; fields: { id: string; label: string; apiIdentifier: string; type: "TEXT" | "RICH_TEXT" | "NUMBER" | "BOOLEAN" | "DATE" | "MEDIA"; isRequired: boolean; }[]; description?: string | undefined; }, any, { ...; }>'.
  Types of parameters 'options' and 'options' are incompatible.
    Type 'ResolverOptions<{ name: string; apiIdentifier: string; fields: { id: string; label: string; apiIdentifier: string; type: "TEXT" | "RICH_TEXT" | "NUMBER" | "BOOLEAN" | "DATE" | "MEDIA"; isRequired: boolean; }[]; description?: string | undefined; }>' is not assignable to type 'ResolverOptions<{ name: string; apiIdentifier: string; fields: { id: string; label: string; apiIdentifier: string; type: "TEXT" | "RICH_TEXT" | "NUMBER" | "BOOLEAN" | "DATE" | "MEDIA"; isRequired?: boolean | undefined; }[]; description?: string | undefined; }>'.
      Type '{ id: string; label: string; apiIdentifier: string; type: "TEXT" | "RICH_TEXT" | "NUMBER" | "BOOLEAN" | "DATE" | "MEDIA"; isRequired?: boolean | undefined; }[]' is not assignable to type '{ id: string; label: string; apiIdentifier: string; type: "TEXT" | "RICH_TEXT" | "NUMBER" | "BOOLEAN" | "DATE" | "MEDIA"; isRequired: boolean; }[]'.
        Type '{ id: string; label: string; apiIdentifier: string; type: "TEXT" | "RICH_TEXT" | "NUMBER" | "BOOLEAN" | "DATE" | "MEDIA"; isRequired?: boolean | undefined; }' is not assignable to type '{ id: string; label: string; apiIdentifier: string; type: "TEXT" | "RICH_TEXT" | "NUMBER" | "BOOLEAN" | "DATE" | "MEDIA"; isRequired: boolean; }'.
          Types of property 'isRequired' are incompatible.
            Type 'boolean | undefined' is not assignable to type 'boolean'.
              Type 'undefined' is not assignable to type 'boolean'.
src/components/admin/content-types/ContentTypesManager/ContentTypeForm.tsx(112,36): error TS2345: Argument of type '(data: ContentTypeFormValues) => Promise<void>' is not assignable to parameter of type 'SubmitHandler<TFieldValues>'.
  Types of parameters 'data' and 'data' are incompatible.
    Type 'TFieldValues' is not assignable to type '{ name: string; apiIdentifier: string; fields: { id: string; label: string; apiIdentifier: string; type: "TEXT" | "RICH_TEXT" | "NUMBER" | "BOOLEAN" | "DATE" | "MEDIA"; isRequired: boolean; }[]; description?: string | undefined; }'.
      Type 'FieldValues' is missing the following properties from type '{ name: string; apiIdentifier: string; fields: { id: string; label: string; apiIdentifier: string; type: "TEXT" | "RICH_TEXT" | "NUMBER" | "BOOLEAN" | "DATE" | "MEDIA"; isRequired: boolean; }[]; description?: string | undefined; }': name, apiIdentifier, fields
src/components/admin/content-types/ContentTypesManager/ContentTypeForm.tsx(193,41): error TS2345: Argument of type '(data: ContentTypeFormValues) => Promise<void>' is not assignable to parameter of type 'SubmitHandler<TFieldValues>'.
  Types of parameters 'data' and 'data' are incompatible.
    Type 'TFieldValues' is not assignable to type '{ name: string; apiIdentifier: string; fields: { id: string; label: string; apiIdentifier: string; type: "TEXT" | "RICH_TEXT" | "NUMBER" | "BOOLEAN" | "DATE" | "MEDIA"; isRequired: boolean; }[]; description?: string | undefined; }'.
      Type 'FieldValues' is missing the following properties from type '{ name: string; apiIdentifier: string; fields: { id: string; label: string; apiIdentifier: string; type: "TEXT" | "RICH_TEXT" | "NUMBER" | "BOOLEAN" | "DATE" | "MEDIA"; isRequired: boolean; }[]; description?: string | undefined; }': name, apiIdentifier, fields
src/components/admin/content-types/ContentTypesManager/ContentTypesManager.tsx(27,9): error TS2322: Type '{ contentTypes: ContentType[]; loading: boolean; error: string | null; searchTerm: string; onSearchChange: Dispatch<SetStateAction<string>>; filteredContentTypes: ContentType[]; onRefresh: () => Promise<...>; }' is not assignable to type 'IntrinsicAttributes & ContentTypesPageContentProps'.
  Property 'onRefresh' does not exist on type 'IntrinsicAttributes & ContentTypesPageContentProps'.
src/components/admin/content-types/FieldsBuilder/constants.tsx(15,9): error TS2503: Cannot find namespace 'JSX'.
src/components/admin/content-types/FieldsBuilder/PaletteItem.tsx(8,9): error TS2503: Cannot find namespace 'JSX'.
src/components/admin/content/ContentEntriesPage/index.tsx(57,21): error TS2339: Property 'title' does not exist on type 'object'.
src/components/admin/content/ContentEntriesPage/index.tsx(58,33): error TS2339: Property 'title' does not exist on type 'object'.
src/components/admin/content/ContentEntriesPage/index.tsx(59,21): error TS2339: Property 'name' does not exist on type 'object'.
src/components/admin/content/ContentEntriesPage/index.tsx(59,47): error TS2339: Property 'name' does not exist on type 'object'.
src/components/admin/content/ContentEntriesPage/index.tsx(60,21): error TS2339: Property 'label' does not exist on type 'object'.
src/components/admin/content/ContentEntriesPage/index.tsx(61,33): error TS2339: Property 'label' does not exist on type 'object'.
src/components/admin/content/CreateContentForm.tsx(76,29): error TS2322: Type '{ contentType: ContentType; mode: string; onSave: (data: Record<string, any>) => Promise<void>; }' is not assignable to type 'IntrinsicAttributes & DynamicContentFormProps'.
  Property 'contentType' does not exist on type 'IntrinsicAttributes & DynamicContentFormProps'. Did you mean 'contentTypeId'?
src/components/admin/content/fields/TextField.tsx(36,11): error TS2353: Object literal may only specify known properties, and ''--tw-ring-color'' does not exist in type 'Properties<string | number, string & {}>'.
src/components/admin/content/fields/TextField.tsx(60,13): error TS2353: Object literal may only specify known properties, and ''::placeholder'' does not exist in type 'Properties<string | number, string & {}>'.
src/components/admin/dashboard/ContentTypesPage/ContentTypeDetail.tsx(173,26): error TS2551: Property 'required' does not exist on type '{ id: string; label: string; type: string; isRequired: boolean; }'. Did you mean 'isRequired'?
src/components/admin/dashboard/ContentTypesPage/CreateContentEntry.tsx(213,36): error TS7006: Parameter 'option' implicitly has an 'any' type.
src/components/admin/dashboard/ContentTypesPage/EditContentEntry.tsx(236,36): error TS7006: Parameter 'option' implicitly has an 'any' type.
src/components/admin/dashboard/TemplatesPage/TemplateDetailModal.tsx(135,29): error TS2339: Property 'createdAt' does not exist on type 'Template'.
src/components/admin/dashboard/TemplatesPage/TemplateDetailModal.tsx(142,44): error TS2339: Property 'createdAt' does not exist on type 'Template'.
src/components/admin/dashboard/TemplatesPage/TemplateDetailModal.tsx(151,29): error TS2339: Property 'updatedAt' does not exist on type 'Template'.
src/components/admin/dashboard/TemplatesPage/TemplateDetailModal.tsx(160,44): error TS2339: Property 'updatedAt' does not exist on type 'Template'.
src/components/admin/media/useMediaLibrary.tsx(609,15): error TS2484: Export declaration conflicts with exported declaration of 'SortOption'.
src/components/admin/media/useMediaLibrary.tsx(609,27): error TS2484: Export declaration conflicts with exported declaration of 'ViewOption'.
src/components/public/SeasonalPricesDropdown.tsx(39,19): error TS2339: Property 'id' does not exist on type '"" | SeasonalOption'.
  Property 'id' does not exist on type '""'.
src/components/public/SeasonalPricesDropdown.tsx(44,20): error TS2304: Cannot find name 'useId'.
src/components/templates/TouristPlan/components/ItineraryDayImage.tsx(211,15): error TS2322: Type '(event: React.DragEvent<HTMLDivElement>) => void' is not assignable to type 'DragEventHandler<HTMLButtonElement>'.
  Types of parameters 'event' and 'event' are incompatible.
    Type 'DragEvent<HTMLButtonElement>' is not assignable to type 'DragEvent<HTMLDivElement>'.
      Property 'align' is missing in type 'HTMLButtonElement' but required in type 'HTMLDivElement'.
src/components/templates/TouristPlan/components/ItineraryDayImage.tsx(212,15): error TS2322: Type '(event: React.DragEvent<HTMLDivElement>) => void' is not assignable to type 'DragEventHandler<HTMLButtonElement>'.
  Types of parameters 'event' and 'event' are incompatible.
    Type 'DragEvent<HTMLButtonElement>' is not assignable to type 'DragEvent<HTMLDivElement>'.
      Property 'align' is missing in type 'HTMLButtonElement' but required in type 'HTMLDivElement'.
src/components/templates/TouristPlan/components/usePricingState.ts(17,30): error TS2339: Property 'perPersonPrice' does not exist on type '{ id: string; mode: "simple"; currency: "COP" | "USD" | "EUR"; label?: string | undefined; price?: string | undefined; } | { id: string; mode: "advanced"; label: string; price: string; currency: "COP" | ... 1 more ... | "EUR"; } | { ...; } | { ...; }'.
  Property 'perPersonPrice' does not exist on type '{ id: string; mode: "simple"; currency: "COP" | "USD" | "EUR"; label?: string | undefined; price?: string | undefined; }'.
src/components/templates/TouristPlan/sections/PricingSection/AutoFillSeasonalPricesButton.tsx(61,30): error TS2345: Argument of type '{ id: string; mode: "seasonal"; label: string; price: string; seasonTitle: string; seasonAccommodations: { id: string; accommodation: string; price: string; currency: string; }[]; currency: string; }[]' is not assignable to parameter of type '({ id: string; mode: "simple"; currency: "COP" | "USD" | "EUR"; label?: string | undefined; price?: string | undefined; } | { id: string; mode: "advanced"; label: string; price: string; currency: "COP" | ... 1 more ... | "EUR"; } | { ...; } | { ...; })[]'.
  Type '{ id: string; mode: "seasonal"; label: string; price: string; seasonTitle: string; seasonAccommodations: { id: string; accommodation: string; price: string; currency: string; }[]; currency: string; }' is not assignable to type '{ id: string; mode: "simple"; currency: "COP" | "USD" | "EUR"; label?: string | undefined; price?: string | undefined; } | { id: string; mode: "advanced"; label: string; price: string; currency: "COP" | ... 1 more ... | "EUR"; } | { ...; } | { ...; }'.
    Type '{ id: string; mode: "seasonal"; label: string; price: string; seasonTitle: string; seasonAccommodations: { id: string; accommodation: string; price: string; currency: string; }[]; currency: string; }' is not assignable to type '{ id: string; mode: "seasonal"; seasonTitle: string; seasonAccommodations: { id: string; accommodation: string; currency: "COP" | "USD" | "EUR"; price?: string | undefined; }[]; currency: "COP" | "USD" | "EUR"; label?: string | undefined; price?: string | undefined; } | { ...; }'.
      Type '{ id: string; mode: "seasonal"; label: string; price: string; seasonTitle: string; seasonAccommodations: { id: string; accommodation: string; price: string; currency: string; }[]; currency: string; }' is not assignable to type '{ id: string; mode: "seasonal"; seasonTitle: string; seasonAccommodations: { id: string; accommodation: string; currency: "COP" | "USD" | "EUR"; price?: string | undefined; }[]; currency: "COP" | "USD" | "EUR"; label?: string | undefined; price?: string | undefined; }'.
        Types of property 'seasonAccommodations' are incompatible.
          Type '{ id: string; accommodation: string; price: string; currency: string; }[]' is not assignable to type '{ id: string; accommodation: string; currency: "COP" | "USD" | "EUR"; price?: string | undefined; }[]'.
            Type '{ id: string; accommodation: string; price: string; currency: string; }' is not assignable to type '{ id: string; accommodation: string; currency: "COP" | "USD" | "EUR"; price?: string | undefined; }'.
              Types of property 'currency' are incompatible.
                Type 'string' is not assignable to type '"COP" | "USD" | "EUR"'.
src/contexts/AuthContext.tsx(55,65): error TS2353: Object literal may only specify known properties, and 'limit' does not exist in type 'Prettify<{ query: { searchValue?: string | undefined; searchField?: "name" | "email" | undefined; searchOperator?: "contains" | "starts_with" | "ends_with" | undefined; limit?: string | number | undefined; ... 5 more ...; filterOperator?: "contains" | ... 6 more ... | undefined; }; fetchOptions?: ClientFetchOption<....'.
src/hooks/use-form-persistence.ts(26,38): error TS2554: Expected 1 arguments, but got 0.
src/hooks/use-section-autosave.ts(32,22): error TS2554: Expected 1 arguments, but got 0.
src/index.tsx(44,32): error TS2307: Cannot find module '../PricingSection' or its corresponding type declarations.
src/lib/plugins/index.ts(2,1): error TS2308: Module './config' has already exported a member named 'isPluginEnabled'. Consider explicitly re-exporting to resolve the ambiguity.
src/utils/api-errors.ts(20,26): error TS2339: Property 'errors' does not exist on type 'ZodError<unknown>'.
src/utils/api-response.ts(124,36): error TS2339: Property 'errors' does not exist on type 'ZodError<unknown>'.
src/utils/api-response.ts(124,48): error TS7006: Parameter 'err' implicitly has an 'any' type.
src/utils/transformers.ts(7,3): error TS2741: Property 'published' is missing in type '{ mainTitle: string; articleAlias: string; categoryAlias: string; promotionalText: string; attractionsTitle: string; attractionsText: string; transfersTitle: string; transfersText: string; ... 10 more ...; videoUrl: string | undefined; }' but required in type '{ mainTitle: string; allowGroundTransport: boolean; generalPolicies: string; transportOptions: { id: string; title: string; features: string; frequency: string; price: number; }[]; published: boolean; ... 16 more ...; _lastStep?: number | undefined; }'.
